<!DOCTYPE html>
<html lang="en">
  <head>
    <title>Test Foo</title>
  </head>
  <body>
    <link rel="stylesheet" type="text/css" href="base.css">
    <link rel="stylesheet" type="text/css" href="/r/phoenix/web/v1.0.1/base.css">
    <script type="text/javascript" src="base.js"></script>
    <script type="text/javascript">var lumbarLoadPrefix = '/r/phoenix/web/v1.0.1/';</script><script type="text/javascript" src="/r/phoenix/web/v1.0.1/base.js"></script>
  </body>
</html>
